// Jest Snapshot v1, https://goo.gl/fbAQLP

exports[`shallow render 1`] = `
<div
  className="flex-100 layout-row layout-wrap layout-align-start-center"
>
  <div
    className="flex-100 layout-row layout-wrap layout-align-start-start"
  >
    <div
      className="flex-100 layout-row layout-align-start-center sec_title"
    >
      <p
        className=" sec_title_text flex-none"
        style={
          Object {
            "background": "-webkit-linear-gradient(left, #333,#fafafa)",
          }
        }
      >
        Service Charges
      </p>
    </div>
    <div
      className="flex-100 layout-row layout-align-space-between-center sec_upload"
    >
      <p
        className="flex-none"
      >
        Upload Service Charge Sheet
      </p>
      <FileUploader
        dispatchFn={[Function]}
        formClasses=""
        size="small"
        square={false}
        t={[Function]}
        text="Hub .xlsx"
        theme={
          Object {
            "colors": Object {
              "primary": "#333",
              "secondary": "#fafafa",
            },
          }
        }
        tooltip=""
        type="xlsx"
        uploadFn={null}
        url="/admin/hubs/process_csv"
      />
    </div>
    <div
      className="layout-row flex-100 layout-wrap layout-align-start-center"
    />
    <div
      className="flex-100 layout-row layout-align-space-between-center sec_title"
    >
      <div
        className="flex-none layout-row"
      >
        <RoundButton
          active={false}
          back={false}
          classNames=""
          disabled={false}
          flexContainer="100"
          handleDisabled={null}
          handleNext={[Function]}
          icon=""
          iconClass="fa-chevron-left"
          inverse={false}
          size="small"
          text="Back"
          theme={
            Object {
              "colors": Object {
                "primary": "#333",
                "secondary": "#fafafa",
              },
            }
          }
        />
      </div>
      <div
        className="flex-none layout-row"
      >
        <RoundButton
          active={true}
          back={false}
          classNames=""
          disabled={false}
          flexContainer="100"
          handleDisabled={null}
          handleNext={[Function]}
          icon=""
          iconClass="fa-chevron-right"
          inverse={false}
          size="small"
          text="Next"
          theme={
            Object {
              "colors": Object {
                "primary": "#333",
                "secondary": "#fafafa",
              },
            }
          }
        />
      </div>
    </div>
  </div>
</div>
`;
