// Jest Snapshot v1, https://goo.gl/fbAQLP

exports[`shallow rendering 1`] = `
<div
  className="container flex-none layout-row layout-align-center-center layout-wrap"
>
  <div
    className="flex-100 layout-row layout-align-start-center"
  >
    <h3
      className="flex-none"
    >
       Terms & Conditions
    </h3>
  </div>
  <div
    className="flex-100 layout-row layout-align-start-center layout-wrap"
  >
    <p
      className="flex-100"
    >
       Use of the undefined ItsMyCargo webshop requires
             accepting the terms and conditions laid out by undefined.
    </p>
    <p
      className="flex-100"
    >
      As such if you decide to withdraw your agreement to the terms and conditions you will not be able to continue using the shop and we will have to close the window
    </p>
    <p
      className="flex-100"
    >
      Should you wish to resume using one of the undefined ItsMyCargo Shop you will need to 
            agree to the terms and conditions again
    </p>
  </div>
  <div
    className="flex-100 layout-row layout-wrap layout-aling-center-center"
  >
    <p
      className="flex-100"
    >
      By clicking the Opt Out button below the follwoing will happen:
    </p>
    <ul
      className="flex-100"
    >
      <li>
         
        Your user account will be marked as not agreeing to the undefined terms and conditions
      </li>
      <li>
         You will be logged out and returned to the landing page
      </li>
    </ul>
  </div>
  <div
    className="flex-100 layout-row layout-align-space-around-center"
  >
    <div
      className="flex-60 layout-row layout-align-start-center"
    >
      <h4
        className="flex-none"
      >
        Are you sure?
      </h4>
    </div>
    <div
      className="flex-40 layout-row layout-align-start-center"
    >
      <RoundButton
        active={true}
        back={false}
        disabled={false}
        handleDisabled={null}
        handleNext={[Function]}
        icon=""
        iconClass=""
        size=""
        text="Opt Out"
        theme={
          Object {
            "colors": Object {
              "primary": "#333",
              "secondary": "#fafafa",
            },
          }
        }
      />
    </div>
  </div>
</div>
`;
