// Jest Snapshot v1, https://goo.gl/fbAQLP

exports[`shallow 1`] = `
<div
  className="layout-row flex-100 layout-wrap active_routes"
>
  <div
    className="service_label layout-row layout-align-center-center flex-100"
  >
    <h2
      className="flex-none"
    >
      Available Destinations
    </h2>
  </div>
  <Carousel
    fade={false}
    noSlides={4}
    slides={
      Array [
        Object {
          "header": "New York",
          "image": "https://assets.itsmycargo.com/assets/cityimages/NY_sm.jpg",
          "subheader": "USA",
        },
        Object {
          "header": "Shanghai",
          "image": "https://assets.itsmycargo.com/assets/cityimages/shanghai_sm.jpg",
          "subheader": "China",
        },
        Object {
          "header": "Singapore",
          "image": "https://assets.itsmycargo.com/assets/cityimages/Singapore_sm.jpg",
          "subheader": "Singapore",
        },
        Object {
          "header": "Seoul",
          "image": "https://assets.itsmycargo.com/assets/cityimages/seoul_sm.jpg",
          "subheader": "South Korea",
        },
        Object {
          "header": "Hanoi",
          "image": "https://assets.itsmycargo.com/assets/cityimages/Hanoi_sm.jpg",
          "subheader": "Vietnam",
        },
        Object {
          "header": "Shenzhen",
          "image": "https://assets.itsmycargo.com/assets/cityimages/Shenzhen_sm.jpg",
          "subheader": "China",
        },
      ]
    }
    theme={null}
  />
</div>
`;
