// Jest Snapshot v1, https://goo.gl/fbAQLP

exports[`shallow render 1`] = `
<div
  className="flex-100 layout-row layout-align-center-center ccb_new_contact add_contact_btn"
  key="UUID_MOCK_KEY_0"
  onClick={[Function]}
>
  <h3>
    + New Contact
  </h3>
</div>
`;
