// Jest Snapshot v1, https://goo.gl/fbAQLP

exports[`shallow render 1`] = `
<div
  className="flex-100 layout-row layout-align-start-start itinerary_row"
  key="RANDOM_KEY_0"
>
  <div
    className="flex-15 layout-row layout-align-center-center height_100 mot_icon"
  >
    <i
      className="fa fa-plane clip flex-none"
      style={
        Object {
          "background": "-webkit-linear-gradient(-90deg, #333,#fafafa)",
        }
      }
    />
  </div>
  <div
    className="flex-45 layout-row layout-align-space-around-center itinerary_row_box"
  >
    <div
      className="flex-none divider"
    />
    <div
      className="flex layout-row layout-wrap layout-align-center-center itinerary_row_city"
    >
      <p
        className="flex-100 city_name"
      >
        FOO
      </p>
      <p
        className="flex-100 city_context"
      >
        Departure
      </p>
    </div>
    <div
      className="flex-15 layout-row layout-align-center-center chevron_icon"
    >
      <i
        className="flex-none fa fa-angle-double-right clip"
        style={
          Object {
            "background": "-webkit-linear-gradient(-90deg, #333,#fafafa)",
          }
        }
      />
    </div>
    <div
      className="flex layout-row layout-wrap layout-align-center-center itinerary_row_city"
    >
      <p
        className="flex-100 city_name"
      >
        BAR
      </p>
      <p
        className="flex-100 city_context"
      >
        Arrival;
      </p>
    </div>
  </div>
  <div
    className="flex layout-row layout-align-center-center pointy itinerary_row_box itinerary_row_btn"
    onClick={[Function]}
  >
    <div
      className="flex-none divider"
    />
    <p
      className="flex-none"
    >
      View Schedules
    </p>
  </div>
  <div
    className="flex layout-row layout-align-center-center pointy itinerary_row_box itinerary_row_btn"
    onClick={[Function]}
  >
    <div
      className="flex-none divider"
    />
    <p
      className="flex-none"
    >
      View Pricings
    </p>
  </div>
</div>
`;
