// Jest Snapshot v1, https://goo.gl/fbAQLP

exports[`shallow render 1`] = `
<div
  className="flex-100 layout-row contact_card "
  key="8e252bf0-b0b9-4dd8-8cec-420d9a1b1889"
  onClick={[Function]}
>
  <div
    className="flex layout-row layout-wrap"
  >
    <div
      className="flex-100 layout-row layout-align-space-between-center"
    >
      <div
        className="flex-60 layout-row layout-align-start-start layout-wrap"
      >
        <div
          className="flex-100 layout-row alyout-align-start-center"
        >
          <i
            className="fa fa-user-circle-o flex-none"
            style={
              Object {
                "background": "-webkit-linear-gradient(left, #333,#fafafa)",
                "padding": "3px 0",
                "width": "28px",
              }
            }
          />
          <p
            className="flex contact_header"
          >
            John
             
            Doe
          </p>
        </div>
      </div>
      <div
        className="flex-40 layout-row layout-wrap layout-align-start-center contact_details"
      >
        <div
          className="flex-100 layout-row layout-align-start-center"
        >
          <i
            className="fa fa-envelope flex-none"
            style={
              Object {
                "background": "-webkit-linear-gradient(left, #333,#fafafa)",
                "padding": "3px 0",
                "width": "28px",
              }
            }
          />
          <p
            className="flex-none"
          >
             
            foo@bar.baz
             
          </p>
        </div>
      </div>
    </div>
    <div
      className="flex-100 layout-row layout-align-space-between-center"
    >
      <div
        className="flex-60 layout-row layout-align-start-start layout-wrap"
      >
        <div
          className="flex-100 layout-row alyout-align-start-center"
        >
          <i
            className="fa fa-building-o flex-none"
            style={
              Object {
                "background": "-webkit-linear-gradient(left, #333,#fafafa)",
                "padding": "3px 0",
                "width": "28px",
              }
            }
          />
          <p
            className="flex contact_header"
          >
            <Component
              lines={1}
            >
               
            </Component>
          </p>
        </div>
      </div>
      <div
        className="flex-40 layout-row layout-wrap layout-align-start-center contact_details"
      >
        <div
          className="flex-100 layout-row layout-align-start-center"
        >
          <i
            className="fa fa-phone flex-none"
            style={
              Object {
                "background": "-webkit-linear-gradient(left, #333,#fafafa)",
                "padding": "3px 0",
                "width": "28px",
              }
            }
          />
          <p
            className="flex-none"
          >
             
            6345789
             
          </p>
        </div>
      </div>
    </div>
    <div
      className="flex-100 layout-row layout-align-start-center"
    >
      <i
        className="fa fa-globe flex-none"
        style={
          Object {
            "background": "-webkit-linear-gradient(left, #333,#fafafa)",
            "padding": "3px 0",
            "width": "28px",
          }
        }
      />
      <p
        className="flex-100"
      />
    </div>
  </div>
</div>
`;
