// Jest Snapshot v1, https://goo.gl/fbAQLP

exports[`shallow render 1`] = `
<div
  className="layout-row flex-100
         layout-wrap layout-align-start-center paginate_box"
>
  <div
    className="flex-100 layout-row layout-align-end-center searchable_header"
  >
    <div
      className="input_box_full flex-40 layout-row layout-align-end-center"
    >
      <input
        name="search"
        onChange={[Function]}
        placeholder="Search Shipments"
        type="text"
        value=""
      />
    </div>
  </div>
  <div
    className="flex-100 layout-row layout-wrap layout-align-start-start height_100"
  >
    <div
      className="pointy flex-30 flex-md-45 margin_bottom layout-row layout-align-start-stretch tile_padding loc_info"
      key="addLocationButton"
      onClick={[Function]}
    >
      <div
        className="address-box new-address layout-row layout-align-center-center layout-wrap"
      >
        <div
          className="layout-row layout-align-center flex-100"
        >
          <div
            className="plus-icon"
          />
        </div>
        <div
          className="layout-row layout-align-center flex-100"
        >
          <h3>
            Add location
          </h3>
        </div>
      </div>
    </div>
  </div>
  <div
    className="flex-95 layout-row layout-align-center-center margin_bottom"
  >
    <div
      className="
                      flex-15 layout-row layout-align-center-center pointy
                      navigation_button disabled
                    "
      onClick={null}
    >
      <i
        className="fa fa-chevron-left"
      />
      <p>
            
        Back
      </p>
    </div>
    <p>
      1
       / 
      0
       
    </p>
    <div
      className="
              flex-15 layout-row layout-align-center-center pointy
              navigation_button disabled
            "
      onClick={null}
    >
      <p>
        Next
            
      </p>
      <i
        className="fa fa-chevron-right"
      />
    </div>
  </div>
</div>
`;
