// Jest Snapshot v1, https://goo.gl/fbAQLP

exports[`happy path 1`] = `
<div
  className="CLASS_NAME flex-100 layout-row layout-align-start-center"
  style={Object {}}
>
  <div
    className="flex-10 layout-row layout-align-start-start"
  >
    <Checkbox
      checked={true}
      className=""
      disabled={false}
      id={1}
      name="NAME"
      onChange={null}
      onClick={null}
      size="30px"
      theme={
        Object {
          "background": "https://assets.itsmycargo.com/assets/images/cropped_banner_2.jpg",
          "colors": Object {
            "brightPrimary": "#2491FD",
            "brightSecondary": "#25ED36",
            "primary": "#0D5BA9",
            "secondary": "#23802A",
          },
          "logoLarge": "https://assets.itsmycargo.com/assets/logos/logo_box.png",
          "logoSmall": "https://assets.itsmycargo.com/assets/logos/logo_box.png",
          "logoWhite": "https://assets.itsmycargo.com/assets/logos/Logo_transparent_white.png",
          "logoWide": "https://assets.itsmycargo.com/assets/logos/Logo_transparent_blue.png",
        }
      }
    />
  </div>
  <div
    className="flex"
  >
    <label
      className="pointy"
      htmlFor={1}
    >
      LABEL_CONTENT
    </label>
  </div>
</div>
`;

exports[`with empty props 1`] = `""`;
