// Jest Snapshot v1, https://goo.gl/fbAQLP

exports[`shallow render 1`] = `
<div
  className="flex-none layout-align-center-center layout-row editor_backdrop"
>
  <div
    className="flex-none editor_fade"
    onClick={[Function]}
  />
  <div
    className="hub_form layout-row flex-none layout-wrap layout-align-center"
  >
    <div
      className="flex-100 layout-row layout-wrap layout-align-start-center"
    >
      <div
        className="flex-5"
      />
      <h2
        className="flex-none letter_3 no_m"
      >
        Edit Hub
      </h2>
    </div>
    <div
      className="flex-100 layout-row layout-align-start-center layout-wrap"
    >
      <GmapsWrapper
        address={
          Object {
            "city": "FOO_CITY",
            "country": "Germany",
            "geocodedAddress": "FOO_GEOCODED_ADDRESS",
            "id": 246,
            "primary": true,
            "street": "FOO_STREET",
            "streetNumber": 579,
            "street_number": 579,
            "zipCode": "22456",
            "zip_code": "22456",
          }
        }
        component={[Function]}
        handlePlaceChange={[Function]}
        theme={
          Object {
            "colors": Object {
              "primary": "#333",
              "secondary": "#fafafa",
            },
          }
        }
      />
    </div>
    <div
      className="flex-100 layout-row layout-wrap layout-align-start-center form_padding"
    >
      <div
        className="flex-50 layout-row layout-wrap layout-align-start-start height_100"
      >
        <div
          className="flex-100 layout-row layout-wrap layout-align-start-start"
        >
          <div
            className="flex-80 layout-row layout-wrap layout-align-center-center material_input"
          >
            <p
              className="flex-100"
            >
              Hub Name
            </p>
            <input
              className="flex-none"
              name="hub-name"
              onChange={[Function]}
              placeholder="Name"
              type="string"
              value="FOO_HUB_NAME"
            />
          </div>
        </div>
        <div
          className="flex-100 layout-row layout-align-start-start"
        >
          <div
            className="flex-50 layout-row layout-wrap layout-align-center-center"
          >
            <div
              className="flex-80 layout-row layout-wrap layout-align-center-center material_input"
            >
              <p
                className="flex-100"
              >
                Latitude
              </p>
              <input
                className="flex-none"
                name="address-latitude"
                onChange={[Function]}
                placeholder="Latitude"
                type="string"
              />
            </div>
          </div>
          <div
            className="flex-50 layout-row layout-wrap layout-align-center-center"
          >
            <div
              className="flex-80 layout-row layout-wrap layout-align-center-center material_input"
            >
              <p
                className="flex-100"
              >
                Longitude
              </p>
              <input
                className="flex-none"
                name="address-longitude"
                onChange={[Function]}
                placeholder="Longitude"
                type="string"
              />
            </div>
          </div>
        </div>
        <div
          className="flex-100 layout-row layout-wrap layout-align-center-start"
        >
          <div
            className="flex-none layout-row upload_btn_wrapper "
          >
            <form>
              <div
                className="upload_image flex-none pointy layout-row layout-align-space-around-center"
                onClick={[Function]}
              >
                <p
                  className="upload_title"
                >
                  Upload New Image
                </p>
                <i
                  className="fa fa-cloud-upload clip flex-none"
                  style={
                    Object {
                      "background": "-webkit-linear-gradient(-90deg, #333,#fafafa)",
                    }
                  }
                />
              </div>
              <input
                name="hub_image"
                onChange={[Function]}
                type="file"
              />
            </form>
          </div>
        </div>
      </div>
      <div
        className="flex-50 layout-row layout-wrap layout-align-end-space-around"
      >
        <div
          className="flex-100 layout-row layout-align-space-around-center"
        >
          <div
            className="flex-20 layout-row layout-wrap layout-align-center-center material_input"
          >
            <p
              className="flex-100"
            >
              No.
            </p>
            <input
              className="flex-none"
              id="not-auto"
              name="address-street_number"
              onChange={[Function]}
              placeholder="Number"
              type="string"
              value={579}
            />
          </div>
          <div
            className="flex-75 layout-row layout-wrap layout-align-center-center material_input"
          >
            <p
              className="flex-100"
            >
              Street
            </p>
            <input
              className="flex-none"
              name="address-street"
              onChange={[Function]}
              placeholder="Street"
              type="string"
              value="FOO_STREET"
            />
          </div>
        </div>
        <div
          className="flex-100 layout-row layout-align-space-around-center"
        >
          <div
            className="flex-30 layout-row layout-wrap layout-align-center-center material_input"
          >
            <p
              className="flex-100"
            >
              Zipcode
            </p>
            <input
              className="flex-none"
              name="address-zipCode"
              onChange={[Function]}
              placeholder="Zip Code"
              type="string"
              value="22456"
            />
          </div>
          <div
            className="flex-65 layout-row layout-wrap ayout-align-center-center material_input"
          >
            <p
              className="flex-100"
            >
              City
            </p>
            <input
              className="flex-none"
              name="address-city"
              onChange={[Function]}
              placeholder="City"
              type="string"
              value="FOO_CITY"
            />
          </div>
        </div>
        <div
          className="flex-100 layout-row layout-align-space-around-center"
        >
          <div
            className="flex-100 layout-row layout-wrap layout-align-center-center material_input"
          >
            <p
              className="flex-100"
            >
              Country
            </p>
            <input
              className="flex-none"
              name="address-country"
              onChange={[Function]}
              placeholder="Country"
              type="string"
            />
          </div>
        </div>
      </div>
    </div>
    <div
      className="flex-100 layout-row layout-wrap layout-align-center-center"
    >
      <div
        className="flex-none layout-row"
      >
        <SquareButton
          active={false}
          back={false}
          border={false}
          classNames=""
          disabled={false}
          handleDisabled={null}
          handleNext={[Function]}
          icon=""
          iconClass="fa-floppy"
          size="small"
          text="Save Hub"
          theme={
            Object {
              "colors": Object {
                "primary": "#333",
                "secondary": "#fafafa",
              },
            }
          }
        />
      </div>
      <div
        className="flex-5"
      />
    </div>
  </div>
</div>
`;
