// Jest Snapshot v1, https://goo.gl/fbAQLP

exports[`shallow render 1`] = `
<div
  className="flex-100 layout-row layout-align-space-between-center"
>
  <div
    className="flex-none layout-row layout-wrap best_card"
    onClick={[Function]}
    style={
      Object {
        "0": "#",
        "1": "3",
        "2": "3",
        "3": "3",
        "color": "white",
      }
    }
  >
    <div
      className="flex-100 layout-row"
    >
      <h4
        className="flex-none"
      >
        Best Deal
      </h4>
    </div>
    <div
      className="flex-100 layout-row"
    >
      <Price
        currency="EUR"
        scale="0.75"
        value={40}
      />
    </div>
  </div>
  <div
    className="flex-none layout-row layout-wrap best_card"
    onClick={[Function]}
  >
    <div
      className="flex-100 layout-row"
    >
      <h4
        className="flex-none"
      >
        Cheapest Route
      </h4>
    </div>
    <div
      className="flex-100 layout-row"
    >
      <Price
        currency="EUR"
        scale="0.75"
        value={40}
      />
    </div>
  </div>
  <div
    className="BEST_ROUTES_BOX flex-none layout-row layout-wrap best_card"
    onClick={[Function]}
  >
    <div
      className="flex-100 layout-row"
    >
      <h4
        className="flex-none"
      >
        Fastest route
      </h4>
    </div>
    <div
      className="flex-100 layout-row"
    >
      <Price
        currency="EUR"
        scale="0.75"
        value={125}
      />
    </div>
  </div>
</div>
`;
