// Jest Snapshot v1, https://goo.gl/fbAQLP

exports[`shallow render 1`] = `
<div
  className="flex-100 layout-row layout-wrap layout-align-start-stretch"
>
  <div
    className="flex"
    key="RANDOM_KEY_0"
  >
     
    <ShipmentContactsBoxMainContactsContactCard
      contactData={
        Object {
          "contact": Object {
            "companyName": "FOO_CONTACT_COMPANY",
            "email": "foo@bar.baz",
            "firstName": "John",
            "lastName": "Doe",
            "phone": "0761452887",
          },
          "location": Object {},
        }
      }
      contactType="shipper"
      showAddressBook={[Function]}
      theme={
        Object {
          "colors": Object {
            "primary": "#333",
            "secondary": "#fafafa",
          },
        }
      }
    />
     
  </div>
  <div
    className="flex-20 layout-row layout-align-center-center"
    key="RANDOM_KEY_2"
  >
    <i
      className="fa fa-angle-double-right dir_icon clip"
      style="#333"
    />
  </div>
  <div
    className="flex"
    key="RANDOM_KEY_1"
  >
     
    <ShipmentContactsBoxMainContactsContactCard
      contactData={
        Object {
          "contact": Object {},
          "location": Object {},
        }
      }
      contactType="consignee"
      showAddressBook={[Function]}
      theme={
        Object {
          "colors": Object {
            "primary": "#333",
            "secondary": "#fafafa",
          },
        }
      }
    />
     
  </div>
</div>
`;
