// Jest Snapshot v1, https://goo.gl/fbAQLP

exports[`shallow render 1`] = `
<div
  className="card_padding flex-100 flex-md-50 flex-gt-md-33"
  onClick={[Function]}
>
  <div
    className="card_route_pricing  margin_bottom flex"
  >
    <div
      className="top_routes"
    >
      <div>
        <p>
          From
          :
           
          <strong>
            <span>
               
              FOO
               
            </span>
          </strong>
        </p>
        <p>
          To
          :
           
          <strong>
            <span>
               
              BAR
               
            </span>
          </strong>
        </p>
      </div>
      <i
        className="fa fa-anchor clip "
        style={
          Object {
            "background": "-webkit-linear-gradient(-90deg, #333,#fafafa)",
          }
        }
      />
    </div>
  </div>
</div>
`;
